2025-05-26 8:37:58 - fix config bug [1]
2025-05-26 9:5:19 - tweak configs [2]
2025-05-26 15:48:18 - update schema migration [3]
2025-05-26 13:51:16 - adjust validation rules [4]
2025-05-26 8:27:23 - update gitignore [5]
2025-05-26 8:0:32 - add integration tests [6]
2025-05-26 12:25:25 - update gitignore [7]
2025-05-26 13:49:52 - update constants [8]
2025-05-26 11:25:17 - improve caching [9]
2025-05-26 9:53:24 - add example file [10]
2025-05-26 13:39:6 - optimize queries [11]
2025-05-26 12:5:49 - rollback changes [12]
2025-05-26 8:24:41 - add unit tests [13]
2025-05-26 18:46:52 - fix config bug [14]
2025-05-26 8:38:6 - update configs [15]
2025-05-26 10:50:33 - update roadmap [16]
2025-05-26 13:33:24 - update API docs [17]
2025-05-26 18:7:49 - improve security [18]
2025-05-26 12:22:4 - patch memory leak [19]
2025-05-26 18:50:4 - add unit tests [20]
2025-05-26 19:32:24 - simplify logic [21]
2025-05-26 14:15:5 - cleanup code [22]
2025-05-26 14:10:40 - update headers [23]
2025-05-26 13:46:22 - update headers [24]
2025-05-26 16:44:42 - add example file [25]
2025-05-26 10:0:48 - merge branch [26]
2025-05-26 11:10:23 - update gitignore [27]
2025-05-26 10:55:10 - minor refactor [28]
2025-05-26 10:2:50 - add helper function [29]
2025-05-26 19:24:14 - update LICENSE [30]
2025-05-26 9:1:39 - update API keys [31]
2025-05-26 9:6:7 - enhance logging [32]
2025-05-26 12:5:24 - better error handling [33]
2025-05-26 10:4:20 - add integration tests [34]
2025-05-26 13:13:42 - simplify logic [35]
2025-05-26 13:23:4 - minor changes [36]
2025-05-26 11:2:8 - remove test code [37]
2025-05-26 17:57:50 - adjust validation rules [38]
2025-05-26 18:58:1 - update build script [39]
2025-05-26 14:19:33 - fix null pointer [40]
2025-05-26 10:40:37 - remove test code [41]
2025-05-26 11:16:15 - fix docker build [42]
2025-05-26 18:43:3 - update roadmap [43]
2025-05-26 17:22:35 - update configs [44]
2025-05-26 15:28:3 - adjust error messages [45]
2025-05-26 13:7:51 - add TODOs [46]
2025-05-26 13:16:44 - fix warnings [47]
2025-05-26 10:59:32 - update configs [48]
2025-05-26 12:6:4 - improve caching [49]
2025-05-26 16:55:17 - fix async issue [50]
2025-05-26 10:55:22 - patch vulnerability [51]
2025-05-26 11:23:53 - improve security [52]
2025-05-26 10:51:9 - update roadmap [53]
2025-05-26 15:10:33 - refactor tests [54]
2025-05-26 14:51:14 - improve logging format [55]
2025-05-26 17:10:13 - update comments [56]
2025-05-26 18:38:41 - fix permission issue [57]
2025-05-26 9:24:15 - fix crash issue [58]
2025-05-26 8:16:20 - adjust validation rules [59]
2025-05-26 9:25:49 - update README [60]
2025-05-26 13:56:3 - update documentation [61]
2025-05-26 14:26:19 - add sample data [62]
2025-05-26 15:12:56 - restructure modules [63]
2025-05-26 9:8:15 - update constants [64]
2025-05-26 11:15:6 - update roadmap [65]
2025-05-26 13:50:34 - merge branch [66]
2025-05-26 14:48:24 - restructure modules [67]
2025-05-26 9:43:34 - update docs with examples [68]
2025-05-26 14:33:23 - upgrade dependencies [69]
2025-05-26 10:58:14 - security patch [70]
2025-05-26 12:44:38 - fix config bug [71]
2025-05-26 13:8:33 - add example file [72]
